2026-05-12 14:57:31 INFO  Base:19 - Browser Launched Successfully
2026-05-12 14:57:32 INFO  LoginPage:29 - pROFILE bTN CLICKED
2026-05-12 14:57:32 INFO  LoginPage:33 - google bTN CLICKED
2026-05-12 14:57:35 INFO  LoginPage:43 - google entering email
2026-05-12 14:57:36 INFO  LoginPage:47 - google clicking NextBtn
2026-05-12 14:57:36 INFO  LoginPage:53 - closing the google window
2026-05-12 14:57:36 INFO  LoginPage:56 - window switch back to Main Page
2026-05-12 14:57:42 INFO  LoginPage:59 - quiting the browser
2026-05-12 14:57:42 INFO  Base:25 - Browser Closed Successfully
2026-05-12 14:59:24 INFO  Base:19 - Browser Launched Successfully
2026-05-12 14:59:24 INFO  LoginPage:29 - pROFILE bTN CLICKED
2026-05-12 14:59:25 INFO  LoginPage:33 - google bTN CLICKED
2026-05-12 14:59:28 INFO  GooglePage:26 - google entering email
2026-05-12 14:59:29 INFO  GooglePage:30 - google clicking NextBtn
2026-05-12 14:59:29 INFO  GooglePage:36 - closing the google window
2026-05-12 14:59:29 INFO  GooglePage:42 - window switch back to Main Page
2026-05-12 14:59:35 INFO  Base:25 - Browser Closed Successfully
2026-05-12 15:00:02 INFO  Base:19 - Browser Launched Successfully
2026-05-12 15:00:02 INFO  HomePage:37 - Locating the New Bike dropdown...
2026-05-12 15:00:02 INFO  HomePage:41 - Main Bike menu clicked.
2026-05-12 15:00:02 INFO  HomePage:44 - Waiting for Upcoming Bikes option...
2026-05-12 15:00:04 INFO  HomePage:48 - Upcoming bike clicked successfully.
2026-05-12 15:00:05 INFO  HomePage:52 - Validating URL. Current URL: https://www.zigwheels.com/upcoming-bikes
2026-05-12 15:00:05 INFO  HomePage:56 - Assertion Passed: Correct page reached.
2026-05-12 15:00:05 INFO  UpcomingPage:28 - Locating the filter element...
2026-05-12 15:00:06 INFO  UpcomingPage:36 - Scrolling to the filter...
2026-05-12 15:00:06 INFO  UpcomingPage:39 - Performing JS click on filter.
2026-05-12 15:00:07 INFO  UpcomingPage:42 - Filter clicked successfully via JavaScript.
2026-05-12 15:00:07 INFO  UpcomingPage:58 - Step 07: Attempting to apply price filter 'Less than 4 Lakhs'...
2026-05-12 15:00:07 INFO  UpcomingPage:69 - Found and scrolled to price filter.
2026-05-12 15:00:07 INFO  UpcomingPage:73 - Price filter 'Less than 4 Lakhs' clicked successfully.
2026-05-12 15:00:07 INFO  UpcomingPage:86 - Step 08: Extracting and printing bike details...
2026-05-12 15:00:17 INFO  Base:25 - Browser Closed Successfully
2026-05-12 15:00:25 INFO  Base:19 - Browser Launched Successfully
2026-05-12 15:00:31 INFO  HomePage:73 - Chennai clicked.
2026-05-12 15:00:31 INFO  HomePage:77 - Scrolling down for finding Popular model
2026-05-12 15:00:36 INFO  Base:25 - Browser Closed Successfully
2026-05-12 15:00:45 INFO  Base:19 - Browser Launched Successfully
2026-05-12 15:00:46 INFO  LoginPage:29 - pROFILE bTN CLICKED
2026-05-12 15:00:47 INFO  LoginPage:33 - google bTN CLICKED
2026-05-12 15:00:50 INFO  GooglePage:26 - google entering email
2026-05-12 15:00:50 INFO  GooglePage:30 - google clicking NextBtn
2026-05-12 15:00:51 INFO  GooglePage:36 - closing the google window
2026-05-12 15:00:51 INFO  GooglePage:42 - window switch back to Main Page
2026-05-12 15:00:56 INFO  Base:25 - Browser Closed Successfully
2026-05-12 15:13:50 INFO  Base:19 - Browser Launched Successfully
2026-05-12 15:13:50 INFO  HomePage:37 - Locating the New Bike dropdown...
2026-05-12 15:13:51 INFO  HomePage:41 - Main Bike menu clicked.
2026-05-12 15:13:51 INFO  HomePage:44 - Waiting for Upcoming Bikes option...
2026-05-12 15:13:54 INFO  HomePage:48 - Upcoming bike clicked successfully.
2026-05-12 15:13:54 INFO  HomePage:52 - Validating URL. Current URL: https://www.zigwheels.com/upcoming-bikes
2026-05-12 15:13:54 INFO  HomePage:56 - Assertion Passed: Correct page reached.
2026-05-12 15:13:54 INFO  UpcomingPage:28 - Locating the filter element...
2026-05-12 15:13:54 INFO  UpcomingPage:36 - Scrolling to the filter...
2026-05-12 15:13:54 INFO  UpcomingPage:39 - Performing JS click on filter.
2026-05-12 15:13:55 INFO  UpcomingPage:42 - Filter clicked successfully via JavaScript.
2026-05-12 15:13:55 INFO  UpcomingPage:58 - Step 07: Attempting to apply price filter 'Less than 4 Lakhs'...
2026-05-12 15:13:55 INFO  UpcomingPage:69 - Found and scrolled to price filter.
2026-05-12 15:13:56 INFO  UpcomingPage:73 - Price filter 'Less than 4 Lakhs' clicked successfully.
2026-05-12 15:16:41 INFO  Base:19 - Browser Launched Successfully
2026-05-12 15:16:41 INFO  HomePage:37 - Locating the New Bike dropdown...
2026-05-12 15:16:41 INFO  HomePage:41 - Main Bike menu clicked.
2026-05-12 15:16:41 INFO  HomePage:44 - Waiting for Upcoming Bikes option...
2026-05-12 15:16:44 INFO  HomePage:48 - Upcoming bike clicked successfully.
2026-05-12 15:16:44 INFO  HomePage:52 - Validating URL. Current URL: https://www.zigwheels.com/upcoming-bikes
2026-05-12 15:16:44 INFO  HomePage:56 - Assertion Passed: Correct page reached.
2026-05-12 15:16:44 INFO  UpcomingPage:28 - Locating the filter element...
2026-05-12 15:16:45 INFO  UpcomingPage:36 - Scrolling to the filter...
2026-05-12 15:16:45 INFO  UpcomingPage:39 - Performing JS click on filter.
2026-05-12 15:16:46 INFO  UpcomingPage:42 - Filter clicked successfully via JavaScript.
2026-05-12 15:16:46 INFO  UpcomingPage:58 - Step 07: Attempting to apply price filter 'Less than 4 Lakhs'...
2026-05-12 15:16:46 INFO  UpcomingPage:69 - Found and scrolled to price filter.
2026-05-12 15:16:46 INFO  UpcomingPage:73 - Price filter 'Less than 4 Lakhs' clicked successfully.
2026-05-12 15:16:46 INFO  UpcomingPage:86 - Step 08: Extracting and printing bike details...
2026-05-12 15:16:57 INFO  Base:25 - Browser Closed Successfully
2026-05-12 15:21:22 INFO  Base:19 - Browser Launched Successfully
2026-05-12 15:21:22 INFO  HomePage:37 - Locating the New Bike dropdown...
2026-05-12 15:21:24 INFO  HomePage:41 - Main Bike menu clicked.
2026-05-12 15:21:24 INFO  HomePage:44 - Waiting for Upcoming Bikes option...
2026-05-12 15:21:28 INFO  HomePage:48 - Upcoming bike clicked successfully.
2026-05-12 15:21:28 INFO  HomePage:52 - Validating URL. Current URL: https://www.zigwheels.com/upcoming-bikes
2026-05-12 15:21:28 INFO  HomePage:56 - Assertion Passed: Correct page reached.
2026-05-12 15:21:28 INFO  UpcomingPage:28 - Locating the filter element...
2026-05-12 15:21:29 INFO  UpcomingPage:36 - Scrolling to the filter...
2026-05-12 15:21:29 INFO  UpcomingPage:39 - Performing JS click on filter.
2026-05-12 15:21:32 INFO  UpcomingPage:42 - Filter clicked successfully via JavaScript.
2026-05-12 15:21:32 INFO  UpcomingPage:58 - Step 07: Attempting to apply price filter 'Less than 4 Lakhs'...
2026-05-12 15:21:32 INFO  UpcomingPage:69 - Found and scrolled to price filter.
2026-05-12 15:21:32 INFO  UpcomingPage:73 - Price filter 'Less than 4 Lakhs' clicked successfully.
2026-05-12 15:21:32 INFO  UpcomingPage:86 - Step 08: Extracting and printing bike details...
2026-05-12 15:21:47 INFO  Base:25 - Browser Closed Successfully
2026-05-12 15:22:06 INFO  Base:19 - Browser Launched Successfully
2026-05-12 15:23:14 INFO  Base:19 - Browser Launched Successfully
2026-05-12 15:23:14 INFO  HomePage:37 - Locating the New Bike dropdown...
2026-05-12 15:23:15 INFO  HomePage:41 - Main Bike menu clicked.
2026-05-12 15:23:15 INFO  HomePage:44 - Waiting for Upcoming Bikes option...
2026-05-12 15:23:20 INFO  HomePage:48 - Upcoming bike clicked successfully.
2026-05-12 15:23:20 INFO  HomePage:52 - Validating URL. Current URL: https://www.zigwheels.com/upcoming-bikes
2026-05-12 15:23:20 INFO  HomePage:56 - Assertion Passed: Correct page reached.
2026-05-12 15:23:20 INFO  UpcomingPage:28 - Locating the filter element...
2026-05-12 15:23:20 INFO  UpcomingPage:36 - Scrolling to the filter...
2026-05-12 15:23:20 INFO  UpcomingPage:39 - Performing JS click on filter.
2026-05-12 15:23:23 INFO  UpcomingPage:42 - Filter clicked successfully via JavaScript.
2026-05-12 15:23:23 INFO  UpcomingPage:58 - Step 07: Attempting to apply price filter 'Less than 4 Lakhs'...
2026-05-12 15:23:23 INFO  UpcomingPage:69 - Found and scrolled to price filter.
2026-05-12 15:23:23 INFO  UpcomingPage:73 - Price filter 'Less than 4 Lakhs' clicked successfully.
2026-05-12 15:23:23 INFO  UpcomingPage:86 - Step 08: Extracting and printing bike details...
2026-05-12 15:23:33 INFO  Base:25 - Browser Closed Successfully
2026-05-12 15:23:46 INFO  Base:19 - Browser Launched Successfully
2026-05-12 15:23:53 INFO  HomePage:73 - Chennai clicked.
2026-05-12 15:23:53 INFO  HomePage:77 - Scrolling down for finding Popular model
2026-05-12 15:23:59 INFO  Base:25 - Browser Closed Successfully
2026-05-12 15:24:13 INFO  Base:19 - Browser Launched Successfully
2026-05-12 15:24:13 INFO  LoginPage:30 - pROFILE bTN CLICKED
2026-05-12 15:24:13 INFO  LoginPage:34 - google bTN CLICKED
2026-05-12 15:24:19 INFO  Base:25 - Browser Closed Successfully
2026-05-13 10:49:02 INFO  Base:20 - Browser Launched Successfully
2026-05-13 10:49:03 INFO  LoginPage:46 - Profile button clicked.
2026-05-13 10:49:03 INFO  LoginPage:50 - Google button clicked.
2026-05-13 10:49:07 INFO  LoginPage:58 - Switched to Google Login window: Sign in - Google Accounts
2026-05-13 10:49:07 INFO  GooglePage:48 - Email entered in Google login.
2026-05-13 10:49:08 INFO  GooglePage:52 - Next button clicked.
2026-05-13 10:49:10 INFO  GooglePage:60 - Google window closed.
2026-05-13 10:49:10 INFO  GooglePage:68 - Successfully switched back to the Main Page.
2026-05-13 10:49:18 INFO  Base:26 - Browser Closed Successfully
2026-05-13 10:49:27 INFO  Base:20 - Browser Launched Successfully
2026-05-13 10:49:27 INFO  HomePage:53 - Clicking the New Bike dropdown...
2026-05-13 10:49:28 INFO  HomePage:56 - Clicking Upcoming Bikes...
2026-05-13 10:49:30 INFO  HomePage:61 - Successfully reached Upcoming Bikes page.
2026-05-13 10:49:30 INFO  UpcomingPage:48 - Locating and scrolling to the filter...
2026-05-13 10:49:33 INFO  UpcomingPage:54 - Filter clicked successfully via JavaScript.
2026-05-13 10:49:33 INFO  UpcomingPage:66 - Applying price filter: Under 4 Lakhs...
2026-05-13 10:49:33 INFO  UpcomingPage:72 - Price filter applied successfully.
2026-05-13 10:49:33 INFO  UpcomingPage:81 - Extracting and printing bike details...
2026-05-13 10:49:44 INFO  Base:26 - Browser Closed Successfully
2026-05-13 10:49:53 INFO  Base:20 - Browser Launched Successfully
2026-05-13 10:49:58 INFO  HomePage:77 - Chennai city selected.
2026-05-13 10:49:58 INFO  HomePage:81 - Scrolling down to extract popular models...
2026-05-13 10:50:06 INFO  Base:26 - Browser Closed Successfully
2026-05-13 11:02:01 INFO  Base:20 - Browser Launched Successfully
2026-05-13 11:02:03 INFO  LoginPage:46 - Profile button clicked.
2026-05-13 11:02:04 INFO  LoginPage:50 - Google button clicked.
2026-05-13 11:02:07 INFO  LoginPage:58 - Switched to Google Login window: 
2026-05-13 11:02:08 INFO  GooglePage:48 - Email entered in Google login.
2026-05-13 11:02:08 INFO  GooglePage:52 - Next button clicked.
2026-05-13 11:02:11 INFO  GooglePage:60 - Google window closed.
2026-05-13 11:02:11 INFO  GooglePage:68 - Successfully switched back to the Main Page.
2026-05-13 11:02:18 INFO  Base:26 - Browser Closed Successfully
2026-05-13 11:02:29 INFO  Base:20 - Browser Launched Successfully
2026-05-13 11:02:29 INFO  HomePage:53 - Clicking the New Bike dropdown...
2026-05-13 11:02:31 INFO  HomePage:56 - Clicking Upcoming Bikes...
2026-05-13 11:02:35 INFO  HomePage:61 - Successfully reached Upcoming Bikes page.
2026-05-13 11:02:35 INFO  UpcomingPage:48 - Locating and scrolling to the filter...
2026-05-13 11:02:38 INFO  UpcomingPage:54 - Filter clicked successfully via JavaScript.
2026-05-13 11:02:38 INFO  UpcomingPage:66 - Applying price filter: Under 4 Lakhs...
2026-05-13 11:02:38 INFO  UpcomingPage:72 - Price filter applied successfully.
2026-05-13 11:02:38 INFO  UpcomingPage:81 - Extracting and printing bike details...
2026-05-13 11:02:53 INFO  Base:26 - Browser Closed Successfully
2026-05-13 11:03:42 INFO  Base:20 - Browser Launched Successfully
2026-05-13 11:03:50 INFO  HomePage:77 - Chennai city selected.
2026-05-13 11:03:50 INFO  HomePage:81 - Scrolling down to extract popular models...
2026-05-13 11:04:04 INFO  Base:26 - Browser Closed Successfully
2026-05-13 11:11:51 INFO  Base:20 - Browser Launched Successfully
2026-05-13 11:11:52 INFO  LoginPage:46 - Profile button clicked.
2026-05-13 11:11:53 INFO  LoginPage:50 - Google button clicked.
2026-05-13 11:11:56 INFO  LoginPage:58 - Switched to Google Login window: Sign in - Google Accounts
2026-05-13 11:11:56 INFO  GooglePage:48 - Email entered in Google login.
2026-05-13 11:11:57 INFO  GooglePage:52 - Next button clicked.
2026-05-13 11:11:59 INFO  GooglePage:60 - Google window closed.
2026-05-13 11:11:59 INFO  GooglePage:68 - Successfully switched back to the Main Page.
2026-05-13 11:12:06 INFO  Base:26 - Browser Closed Successfully
2026-05-13 11:12:18 INFO  Base:20 - Browser Launched Successfully
2026-05-13 11:12:18 INFO  HomePage:53 - Clicking the New Bike dropdown...
2026-05-13 11:12:18 INFO  HomePage:56 - Clicking Upcoming Bikes...
2026-05-13 11:12:20 INFO  HomePage:61 - Successfully reached Upcoming Bikes page.
2026-05-13 11:12:20 INFO  UpcomingPage:48 - Locating and scrolling to the filter...
2026-05-13 11:12:23 INFO  UpcomingPage:54 - Filter clicked successfully via JavaScript.
2026-05-13 11:12:23 INFO  UpcomingPage:66 - Applying price filter: Under 4 Lakhs...
2026-05-13 11:12:23 INFO  UpcomingPage:72 - Price filter applied successfully.
2026-05-13 11:12:23 INFO  UpcomingPage:81 - Extracting and printing bike details...
2026-05-13 11:12:34 INFO  Base:26 - Browser Closed Successfully
2026-05-13 11:12:44 INFO  Base:20 - Browser Launched Successfully
2026-05-13 11:12:53 INFO  HomePage:77 - Chennai city selected.
2026-05-13 11:12:53 INFO  HomePage:81 - Scrolling down to extract popular models...
2026-05-13 11:13:00 INFO  Base:26 - Browser Closed Successfully
2026-05-13 11:21:24 INFO  Base:20 - Browser Launched Successfully
2026-05-13 11:21:26 INFO  LoginPage:46 - Profile button clicked.
2026-05-13 11:21:27 INFO  LoginPage:50 - Google button clicked.
2026-05-13 11:21:31 INFO  LoginPage:58 - Switched to Google Login window: 
2026-05-13 11:21:31 INFO  GooglePage:48 - Email entered in Google login.
2026-05-13 11:21:32 INFO  GooglePage:52 - Next button clicked.
2026-05-13 11:21:34 INFO  GooglePage:60 - Google window closed.
2026-05-13 11:21:34 INFO  GooglePage:68 - Successfully switched back to the Main Page.
2026-05-13 11:21:42 INFO  Base:26 - Browser Closed Successfully
2026-05-13 11:21:54 INFO  Base:20 - Browser Launched Successfully
2026-05-13 11:21:54 INFO  HomePage:53 - Clicking the New Bike dropdown...
2026-05-13 11:21:54 INFO  HomePage:56 - Clicking Upcoming Bikes...
2026-05-13 11:21:57 INFO  HomePage:61 - Successfully reached Upcoming Bikes page.
2026-05-13 11:21:57 INFO  UpcomingPage:48 - Locating and scrolling to the filter...
2026-05-13 11:21:59 INFO  UpcomingPage:54 - Filter clicked successfully via JavaScript.
2026-05-13 11:21:59 INFO  UpcomingPage:66 - Applying price filter: Under 4 Lakhs...
2026-05-13 11:22:00 INFO  UpcomingPage:72 - Price filter applied successfully.
2026-05-13 11:22:00 INFO  UpcomingPage:81 - Extracting and printing bike details...
2026-05-13 11:22:11 INFO  Base:26 - Browser Closed Successfully
2026-05-13 11:22:21 INFO  Base:20 - Browser Launched Successfully
2026-05-13 11:22:26 INFO  HomePage:77 - Chennai city selected.
2026-05-13 11:22:26 INFO  HomePage:81 - Scrolling down to extract popular models...
2026-05-13 11:22:32 INFO  Base:26 - Browser Closed Successfully
2026-05-13 11:23:41 INFO  Base:20 - Browser Launched Successfully
2026-05-13 11:23:43 INFO  LoginPage:46 - Profile button clicked.
2026-05-13 11:23:44 INFO  LoginPage:50 - Google button clicked.
2026-05-13 11:23:47 INFO  LoginPage:58 - Switched to Google Login window: 
2026-05-13 11:23:47 INFO  GooglePage:48 - Email entered in Google login.
2026-05-13 11:23:48 INFO  GooglePage:52 - Next button clicked.
2026-05-13 11:23:50 INFO  GooglePage:60 - Google window closed.
2026-05-13 11:23:50 INFO  GooglePage:68 - Successfully switched back to the Main Page.
2026-05-13 11:23:56 INFO  Base:26 - Browser Closed Successfully
2026-05-13 11:48:41 INFO  Base:20 - Browser Launched Successfully
2026-05-13 11:48:43 INFO  EvPage:46 - More button clicked
2026-05-13 11:48:52 INFO  EvPage:50 - Electric Vehicle button clicked
2026-05-13 11:48:59 INFO  Base:26 - Browser Closed Successfully
2026-05-13 11:55:11 INFO  Base:20 - Browser Launched Successfully
2026-05-13 11:55:12 INFO  EvPage:46 - More button clicked
2026-05-13 11:55:16 INFO  EvPage:50 - Electric Vehicle button clicked
2026-05-13 11:55:24 INFO  Base:26 - Browser Closed Successfully
2026-05-13 11:56:01 INFO  Base:20 - Browser Launched Successfully
2026-05-13 11:56:02 INFO  EvPage:46 - More button clicked
2026-05-13 11:56:08 INFO  EvPage:50 - Electric Vehicle button clicked
2026-05-13 11:56:14 INFO  Base:26 - Browser Closed Successfully
2026-05-13 11:56:21 INFO  Base:20 - Browser Launched Successfully
2026-05-13 11:56:21 INFO  LoginPage:46 - Profile button clicked.
2026-05-13 11:56:22 INFO  LoginPage:50 - Google button clicked.
2026-05-13 11:56:35 INFO  LoginPage:58 - Switched to Google Login window: 
2026-05-13 11:56:35 INFO  GooglePage:48 - Email entered in Google login.
2026-05-13 11:56:36 INFO  GooglePage:52 - Next button clicked.
2026-05-13 11:56:39 INFO  GooglePage:60 - Google window closed.
2026-05-13 11:56:39 INFO  GooglePage:68 - Successfully switched back to the Main Page.
2026-05-13 11:56:45 INFO  Base:26 - Browser Closed Successfully
2026-05-13 11:56:53 INFO  Base:20 - Browser Launched Successfully
2026-05-13 11:56:53 INFO  HomePage:53 - Clicking the New Bike dropdown...
2026-05-13 11:56:54 INFO  HomePage:56 - Clicking Upcoming Bikes...
2026-05-13 11:56:56 INFO  HomePage:61 - Successfully reached Upcoming Bikes page.
2026-05-13 11:56:56 INFO  UpcomingPage:48 - Locating and scrolling to the filter...
2026-05-13 11:56:58 INFO  UpcomingPage:54 - Filter clicked successfully via JavaScript.
2026-05-13 11:56:58 INFO  UpcomingPage:66 - Applying price filter: Under 4 Lakhs...
2026-05-13 11:56:58 INFO  UpcomingPage:72 - Price filter applied successfully.
2026-05-13 11:56:58 INFO  UpcomingPage:81 - Extracting and printing bike details...
2026-05-13 11:57:06 INFO  Base:26 - Browser Closed Successfully
2026-05-13 11:57:13 INFO  Base:20 - Browser Launched Successfully
2026-05-13 11:57:17 INFO  HomePage:77 - Chennai city selected.
2026-05-13 11:57:17 INFO  HomePage:81 - Scrolling down to extract popular models...
2026-05-13 11:57:23 INFO  Base:26 - Browser Closed Successfully
2026-05-13 22:21:03 INFO  Base:20 - Browser Launched Successfully
2026-05-13 22:21:09 INFO  Base:26 - Browser Closed Successfully
2026-05-13 22:22:00 INFO  Base:20 - Browser Launched Successfully
2026-05-13 22:22:01 INFO  EvPage:72 - btnstrue
2026-05-13 22:22:01 INFO  EvPage:74 - btnstrue
2026-05-13 22:22:01 INFO  EvPage:76 - btnstrue
2026-05-13 22:22:05 INFO  Base:26 - Browser Closed Successfully
2026-05-13 22:23:24 INFO  Base:20 - Browser Launched Successfully
2026-05-13 22:23:25 INFO  EvPage:72 - btnstrue
2026-05-13 22:23:28 INFO  EvPage:75 - btnstrue
2026-05-13 22:23:28 INFO  EvPage:77 - btnstrue
2026-05-13 22:23:34 INFO  Base:26 - Browser Closed Successfully
2026-05-13 22:24:12 INFO  Base:20 - Browser Launched Successfully
2026-05-13 22:24:13 INFO  EvPage:74 - btnstrue
2026-05-13 22:24:16 INFO  EvPage:77 - btnstrue
2026-05-13 22:24:16 INFO  EvPage:79 - btnstrue
2026-05-13 22:24:21 INFO  Base:26 - Browser Closed Successfully
2026-05-13 22:26:27 INFO  Base:20 - Browser Launched Successfully
2026-05-13 22:26:28 INFO  EvPage:81 - clicking button
2026-05-13 22:26:32 INFO  Base:26 - Browser Closed Successfully
2026-05-13 22:36:22 INFO  Base:20 - Browser Launched Successfully
2026-05-13 22:36:23 INFO  EvPage:91 - More button clicked
2026-05-13 22:36:26 INFO  EvPage:95 - Electric Vehicle button clicked
2026-05-13 22:36:32 INFO  Base:26 - Browser Closed Successfully
2026-05-13 22:37:20 INFO  Base:20 - Browser Launched Successfully
2026-05-13 22:37:21 INFO  EvPage:91 - More button clicked
2026-05-13 22:37:23 INFO  EvPage:95 - Electric Vehicle button clicked
2026-05-13 22:37:24 INFO  EvPage:99 - Search button clicked
2026-05-13 22:37:29 INFO  Base:26 - Browser Closed Successfully
2026-05-13 22:39:17 INFO  Base:20 - Browser Launched Successfully
2026-05-13 22:39:18 INFO  EvPage:91 - More button clicked
2026-05-13 22:39:21 INFO  EvPage:95 - Electric Vehicle button clicked
2026-05-13 22:39:22 INFO  EvPage:99 - Search button clicked & gave value as Ather 450X 
2026-05-13 22:39:27 INFO  Base:26 - Browser Closed Successfully
2026-05-13 22:41:05 INFO  Base:20 - Browser Launched Successfully
2026-05-13 22:41:06 INFO  EvPage:91 - More button clicked
2026-05-13 22:41:09 INFO  EvPage:95 - Electric Vehicle button clicked
2026-05-13 22:41:10 INFO  EvPage:99 - Search button clicked & gave value as Ather 450X 
2026-05-13 22:41:16 INFO  Base:26 - Browser Closed Successfully
2026-05-13 22:44:08 INFO  Base:20 - Browser Launched Successfully
2026-05-13 22:44:09 INFO  EvPage:91 - More button clicked
2026-05-13 22:44:13 INFO  EvPage:95 - Electric Vehicle button clicked
2026-05-13 22:44:14 INFO  EvPage:99 - Search button clicked & gave value as Ather 450X 
2026-05-13 22:44:18 INFO  Base:26 - Browser Closed Successfully
2026-05-13 22:46:57 INFO  Base:20 - Browser Launched Successfully
2026-05-13 22:46:58 INFO  EvPage:91 - More button clicked
2026-05-13 22:47:00 INFO  EvPage:95 - Electric Vehicle button clicked
2026-05-13 22:47:00 INFO  EvPage:99 - Search button clicked & gave value as Ather 450X 
2026-05-13 22:47:06 INFO  Base:26 - Browser Closed Successfully
2026-05-13 22:47:53 INFO  Base:20 - Browser Launched Successfully
2026-05-13 22:47:54 INFO  EvPage:91 - More button clicked
2026-05-13 22:47:56 INFO  EvPage:95 - Electric Vehicle button clicked
2026-05-13 22:47:57 INFO  EvPage:99 - Search button clicked & gave value as Ather 450X 
2026-05-13 22:48:03 INFO  Base:26 - Browser Closed Successfully
2026-05-13 22:49:23 INFO  Base:20 - Browser Launched Successfully
2026-05-13 22:49:24 INFO  EvPage:91 - More button clicked
2026-05-13 22:49:26 INFO  EvPage:95 - Electric Vehicle button clicked
2026-05-13 22:49:28 INFO  EvPage:103 - Search button clicked & gave value as Ather 450X 
2026-05-13 22:49:33 INFO  Base:26 - Browser Closed Successfully
2026-05-13 22:56:09 INFO  Base:20 - Browser Launched Successfully
2026-05-13 22:56:10 INFO  EvPage:91 - More button clicked
2026-05-13 22:56:12 INFO  EvPage:95 - Electric Vehicle button clicked
2026-05-13 22:56:13 INFO  EvPage:103 - Search button clicked & gave value as Ather 450X 
2026-05-13 22:56:19 INFO  Base:26 - Browser Closed Successfully
2026-05-13 22:57:15 INFO  Base:20 - Browser Launched Successfully
2026-05-13 22:57:16 INFO  EvPage:91 - More button clicked
2026-05-13 22:57:18 INFO  EvPage:95 - Electric Vehicle button clicked
2026-05-13 22:57:19 INFO  EvPage:103 - Search button clicked & gave value as Ather 450X 
2026-05-13 22:57:24 INFO  Base:26 - Browser Closed Successfully
2026-05-13 23:03:48 INFO  Base:20 - Browser Launched Successfully
2026-05-13 23:03:48 INFO  EvPage:125 - More button clicked
2026-05-13 23:03:51 INFO  EvPage:129 - Electric Vehicle button clicked
2026-05-13 23:03:52 INFO  EvPage:136 - Search button clicked & gave value as Ather 450X 
2026-05-13 23:03:59 INFO  Base:26 - Browser Closed Successfully
2026-05-13 23:05:16 INFO  Base:20 - Browser Launched Successfully
2026-05-13 23:05:17 INFO  EvPage:125 - More button clicked
2026-05-13 23:05:19 INFO  EvPage:129 - Electric Vehicle button clicked
2026-05-13 23:05:20 INFO  EvPage:136 - Search button clicked & gave value as Ather 450X 
2026-05-13 23:05:27 INFO  Base:26 - Browser Closed Successfully
2026-05-13 23:09:22 INFO  Base:20 - Browser Launched Successfully
2026-05-13 23:09:24 INFO  EvPage:126 - More button clicked
2026-05-13 23:09:28 INFO  EvPage:130 - Electric Vehicle button clicked
2026-05-13 23:09:29 INFO  EvPage:137 - Search button clicked & gave value as Ather 450X 
2026-05-13 23:09:41 INFO  Base:26 - Browser Closed Successfully
2026-05-13 23:11:16 INFO  Base:20 - Browser Launched Successfully
2026-05-13 23:11:18 INFO  EvPage:126 - More button clicked
2026-05-13 23:11:21 INFO  EvPage:130 - Electric Vehicle button clicked
2026-05-13 23:11:23 INFO  EvPage:137 - Search button clicked & gave value as Ather 450X 
2026-05-13 23:11:32 INFO  Base:26 - Browser Closed Successfully
2026-05-13 23:13:18 INFO  Base:20 - Browser Launched Successfully
2026-05-13 23:13:21 INFO  EvPage:126 - More button clicked
2026-05-13 23:13:25 INFO  EvPage:130 - Electric Vehicle button clicked
2026-05-13 23:13:28 INFO  EvPage:137 - Search button clicked & gave value as Ather 450X 
2026-05-13 23:13:38 INFO  Base:26 - Browser Closed Successfully
2026-05-13 23:14:04 INFO  Base:20 - Browser Launched Successfully
2026-05-13 23:14:06 INFO  EvPage:126 - More button clicked
2026-05-13 23:14:09 INFO  EvPage:130 - Electric Vehicle button clicked
2026-05-13 23:14:11 INFO  EvPage:137 - Search button clicked & gave value as Ather 450X 
2026-05-13 23:14:22 INFO  Base:26 - Browser Closed Successfully
2026-05-13 23:16:56 INFO  Base:20 - Browser Launched Successfully
2026-05-13 23:16:58 INFO  EvPage:53 - More button clicked
2026-05-13 23:17:02 INFO  EvPage:57 - Electric Vehicle button clicked
2026-05-13 23:17:11 INFO  Base:26 - Browser Closed Successfully
2026-05-13 23:17:26 INFO  Base:20 - Browser Launched Successfully
2026-05-13 23:17:27 INFO  LoginPage:46 - Profile button clicked.
2026-05-13 23:17:28 INFO  LoginPage:50 - Google button clicked.
2026-05-13 23:17:32 INFO  LoginPage:58 - Switched to Google Login window: 
2026-05-13 23:17:33 INFO  GooglePage:48 - Email entered in Google login.
2026-05-13 23:17:34 INFO  GooglePage:52 - Next button clicked.
2026-05-13 23:17:36 INFO  GooglePage:60 - Google window closed.
2026-05-13 23:17:36 INFO  GooglePage:68 - Successfully switched back to the Main Page.
2026-05-13 23:17:44 INFO  Base:26 - Browser Closed Successfully
2026-05-13 23:17:54 INFO  Base:20 - Browser Launched Successfully
2026-05-13 23:17:54 INFO  HomePage:53 - Clicking the New Bike dropdown...
2026-05-13 23:17:56 INFO  HomePage:56 - Clicking Upcoming Bikes...
2026-05-13 23:17:58 INFO  HomePage:61 - Successfully reached Upcoming Bikes page.
2026-05-13 23:17:58 INFO  UpcomingPage:48 - Locating and scrolling to the filter...
2026-05-13 23:18:01 INFO  UpcomingPage:54 - Filter clicked successfully via JavaScript.
2026-05-13 23:18:01 INFO  UpcomingPage:66 - Applying price filter: Under 4 Lakhs...
2026-05-13 23:18:01 INFO  UpcomingPage:72 - Price filter applied successfully.
2026-05-13 23:18:01 INFO  UpcomingPage:81 - Extracting and printing bike details...
2026-05-13 23:18:17 INFO  Base:26 - Browser Closed Successfully
2026-05-13 23:18:29 INFO  Base:20 - Browser Launched Successfully
2026-05-13 23:18:29 INFO  EvPage:74 - Nav buttons listing
2026-05-13 23:18:30 INFO  EvPage:77 - btnstrue
2026-05-13 23:18:30 INFO  EvPage:80 - btnstrue
2026-05-13 23:18:30 INFO  EvPage:83 - Button is clickAble
2026-05-13 23:18:36 INFO  Base:26 - Browser Closed Successfully
2026-05-13 23:18:49 INFO  Base:20 - Browser Launched Successfully
2026-05-13 23:18:49 INFO  EvPage:92 - More button clicked
2026-05-13 23:18:53 INFO  EvPage:96 - Electric Vehicle button clicked
2026-05-13 23:18:54 INFO  EvPage:102 - Search button clicked & gave value as Ather 450X 
2026-05-13 23:19:02 INFO  Base:26 - Browser Closed Successfully
2026-05-13 23:19:15 INFO  Base:20 - Browser Launched Successfully
2026-05-13 23:19:15 INFO  EvPage:133 - More button clicked
2026-05-13 23:19:19 INFO  EvPage:137 - Electric Vehicle button clicked
2026-05-13 23:19:20 INFO  EvPage:144 - Search button clicked & gave value as Ather 450X 
2026-05-13 23:19:29 INFO  Base:26 - Browser Closed Successfully
2026-05-13 23:19:41 INFO  Base:20 - Browser Launched Successfully
2026-05-13 23:19:47 INFO  HomePage:77 - Chennai city selected.
2026-05-13 23:19:47 INFO  HomePage:81 - Scrolling down to extract popular models...
2026-05-13 23:19:55 INFO  Base:26 - Browser Closed Successfully
2026-05-13 23:24:28 INFO  Base:20 - Browser Launched Successfully
2026-05-13 23:24:30 INFO  EvPage:92 - More button clicked
2026-05-13 23:24:33 INFO  EvPage:96 - Electric Vehicle button clicked
2026-05-13 23:24:34 INFO  EvPage:102 - Search button clicked & gave value as Ather 450X 
2026-05-13 23:24:42 INFO  Base:26 - Browser Closed Successfully
2026-05-13 23:26:51 INFO  Base:20 - Browser Launched Successfully
2026-05-13 23:26:52 INFO  EvPage:92 - More button clicked
2026-05-13 23:26:56 INFO  EvPage:96 - Electric Vehicle button clicked
2026-05-13 23:26:57 INFO  EvPage:102 - Search button clicked & gave value as Ather 450X 
2026-05-13 23:27:05 INFO  Base:26 - Browser Closed Successfully
2026-05-13 23:27:41 INFO  Base:20 - Browser Launched Successfully
2026-05-13 23:27:43 INFO  EvPage:133 - More button clicked
2026-05-13 23:27:46 INFO  EvPage:137 - Electric Vehicle button clicked
2026-05-13 23:27:48 INFO  EvPage:144 - Search button clicked & gave value as Ather 450X 
2026-05-13 23:27:56 INFO  Base:26 - Browser Closed Successfully
2026-05-13 23:28:22 INFO  Base:20 - Browser Launched Successfully
2026-05-13 23:28:24 INFO  EvPage:53 - More button clicked
2026-05-13 23:28:27 INFO  EvPage:57 - Electric Vehicle button clicked
2026-05-13 23:28:35 INFO  Base:26 - Browser Closed Successfully
2026-05-13 23:28:46 INFO  Base:20 - Browser Launched Successfully
2026-05-13 23:28:47 INFO  LoginPage:46 - Profile button clicked.
2026-05-13 23:28:48 INFO  LoginPage:50 - Google button clicked.
2026-05-13 23:28:51 INFO  LoginPage:58 - Switched to Google Login window: 
2026-05-13 23:28:51 INFO  GooglePage:48 - Email entered in Google login.
2026-05-13 23:28:52 INFO  GooglePage:52 - Next button clicked.
2026-05-13 23:28:54 INFO  GooglePage:60 - Google window closed.
2026-05-13 23:28:54 INFO  GooglePage:68 - Successfully switched back to the Main Page.
2026-05-13 23:28:59 INFO  Base:26 - Browser Closed Successfully
2026-05-13 23:29:10 INFO  Base:20 - Browser Launched Successfully
2026-05-13 23:29:10 INFO  HomePage:53 - Clicking the New Bike dropdown...
2026-05-13 23:29:11 INFO  HomePage:56 - Clicking Upcoming Bikes...
2026-05-13 23:29:13 INFO  HomePage:61 - Successfully reached Upcoming Bikes page.
2026-05-13 23:29:13 INFO  UpcomingPage:48 - Locating and scrolling to the filter...
2026-05-13 23:29:16 INFO  UpcomingPage:54 - Filter clicked successfully via JavaScript.
2026-05-13 23:29:16 INFO  UpcomingPage:66 - Applying price filter: Under 4 Lakhs...
2026-05-13 23:29:16 INFO  UpcomingPage:72 - Price filter applied successfully.
2026-05-13 23:29:16 INFO  UpcomingPage:81 - Extracting and printing bike details...
2026-05-13 23:29:28 INFO  Base:26 - Browser Closed Successfully
2026-05-13 23:29:39 INFO  Base:20 - Browser Launched Successfully
2026-05-13 23:29:39 INFO  EvPage:74 - Nav buttons listing
2026-05-13 23:29:39 INFO  EvPage:77 - btnstrue
2026-05-13 23:29:39 INFO  EvPage:80 - btnstrue
2026-05-13 23:29:40 INFO  EvPage:83 - Button is clickAble
2026-05-13 23:29:44 INFO  Base:26 - Browser Closed Successfully
2026-05-13 23:29:54 INFO  Base:20 - Browser Launched Successfully
2026-05-13 23:29:55 INFO  EvPage:92 - More button clicked
2026-05-13 23:29:58 INFO  EvPage:96 - Electric Vehicle button clicked
2026-05-13 23:30:00 INFO  EvPage:102 - Search button clicked & gave value as Ather 450X 
2026-05-13 23:30:07 INFO  Base:26 - Browser Closed Successfully
2026-05-13 23:30:18 INFO  Base:20 - Browser Launched Successfully
2026-05-13 23:30:19 INFO  EvPage:133 - More button clicked
2026-05-13 23:30:24 INFO  EvPage:137 - Electric Vehicle button clicked
2026-05-13 23:30:27 INFO  EvPage:144 - Search button clicked & gave value as Ather 450X 
2026-05-13 23:30:34 INFO  Base:26 - Browser Closed Successfully
2026-05-13 23:30:47 INFO  Base:20 - Browser Launched Successfully
2026-05-13 23:30:53 INFO  HomePage:77 - Chennai city selected.
2026-05-13 23:30:53 INFO  HomePage:81 - Scrolling down to extract popular models...
2026-05-13 23:31:01 INFO  Base:26 - Browser Closed Successfully
2026-05-13 23:31:23 INFO  Base:20 - Browser Launched Successfully
2026-05-13 23:31:25 INFO  EvPage:53 - More button clicked
2026-05-13 23:31:28 INFO  EvPage:57 - Electric Vehicle button clicked
2026-05-13 23:31:34 INFO  Base:26 - Browser Closed Successfully
2026-05-13 23:31:46 INFO  Base:20 - Browser Launched Successfully
2026-05-13 23:31:47 INFO  LoginPage:46 - Profile button clicked.
2026-05-13 23:31:48 INFO  LoginPage:50 - Google button clicked.
2026-05-13 23:31:50 INFO  LoginPage:58 - Switched to Google Login window: 
2026-05-13 23:31:51 INFO  GooglePage:48 - Email entered in Google login.
2026-05-13 23:31:51 INFO  GooglePage:52 - Next button clicked.
2026-05-13 23:31:52 ERROR GooglePage:72 - Error during Google Login handling: stale element reference: stale element not found in the current frame
  (Session info: chrome=146.0.7680.178)
For documentation on this error, please visit: https://www.selenium.dev/documentation/webdriver/troubleshooting/errors#stale-element-reference-exception
Build info: version: '4.20.0', revision: '866c76ca80'
System info: os.name: 'Windows 11', os.arch: 'amd64', os.version: '10.0', java.version: '21'
Driver info: org.openqa.selenium.chrome.ChromeDriver
Command: [2ad0e29683a9bde9e0b61c66510f18fb, isElementDisplayed {id=f.C08144C60ED0E12DCD03A90B2620DAA2.d.794D28FFE5463C40FC96DD717DFC62C9.e.15}]
Capabilities {acceptInsecureCerts: false, browserName: chrome, browserVersion: 146.0.7680.178, chrome: {chromedriverVersion: 146.0.7680.165 (4b989da09e1..., userDataDir: C:\Users\2484179\AppData\Lo...}, fedcm:accounts: true, goog:chromeOptions: {debuggerAddress: localhost:64257}, goog:processID: 33824, networkConnectionEnabled: false, pageLoadStrategy: normal, platformName: windows, proxy: Proxy(), se:cdp: ws://localhost:64257/devtoo..., se:cdpVersion: 146.0.7680.178, setWindowRect: true, strictFileInteractability: false, timeouts: {implicit: 0, pageLoad: 300000, script: 30000}, unhandledPromptBehavior: dismiss and notify, webauthn:extension:credBlob: true, webauthn:extension:largeBlob: true, webauthn:extension:minPinLength: true, webauthn:extension:prf: true, webauthn:virtualAuthenticators: true}
Element: [[ChromeDriver: chrome on windows (2ad0e29683a9bde9e0b61c66510f18fb)] -> xpath: //*[@id='yDmH0d']/c-wiz/main/div[2]/div/div/div/span/section/div/div/div/div[2]]
Session ID: 2ad0e29683a9bde9e0b61c66510f18fb
2026-05-13 23:31:59 INFO  Base:26 - Browser Closed Successfully
2026-05-13 23:32:08 INFO  Base:20 - Browser Launched Successfully
2026-05-13 23:32:08 INFO  HomePage:53 - Clicking the New Bike dropdown...
2026-05-13 23:32:09 INFO  HomePage:56 - Clicking Upcoming Bikes...
2026-05-13 23:32:12 INFO  HomePage:61 - Successfully reached Upcoming Bikes page.
2026-05-13 23:32:12 INFO  UpcomingPage:48 - Locating and scrolling to the filter...
2026-05-13 23:32:14 INFO  UpcomingPage:54 - Filter clicked successfully via JavaScript.
2026-05-13 23:32:14 INFO  UpcomingPage:66 - Applying price filter: Under 4 Lakhs...
2026-05-13 23:32:15 INFO  UpcomingPage:72 - Price filter applied successfully.
2026-05-13 23:32:15 INFO  UpcomingPage:81 - Extracting and printing bike details...
2026-05-13 23:32:27 INFO  Base:26 - Browser Closed Successfully
2026-05-13 23:32:37 INFO  Base:20 - Browser Launched Successfully
2026-05-13 23:32:37 INFO  EvPage:74 - Nav buttons listing
2026-05-13 23:32:38 INFO  EvPage:77 - btnstrue
2026-05-13 23:32:38 INFO  EvPage:80 - btnstrue
2026-05-13 23:32:38 INFO  EvPage:83 - Button is clickAble
2026-05-13 23:32:43 INFO  Base:26 - Browser Closed Successfully
2026-05-13 23:32:49 INFO  Base:20 - Browser Launched Successfully
2026-05-13 23:32:49 INFO  EvPage:92 - More button clicked
2026-05-13 23:32:53 INFO  EvPage:96 - Electric Vehicle button clicked
2026-05-13 23:32:55 INFO  EvPage:102 - Search button clicked & gave value as Ather 450X 
2026-05-13 23:33:00 INFO  Base:26 - Browser Closed Successfully
2026-05-13 23:33:06 INFO  Base:20 - Browser Launched Successfully
2026-05-13 23:33:06 INFO  EvPage:133 - More button clicked
2026-05-13 23:33:09 INFO  EvPage:137 - Electric Vehicle button clicked
2026-05-13 23:33:12 INFO  EvPage:144 - Search button clicked & gave value as Ather 450X 
2026-05-13 23:33:18 INFO  Base:26 - Browser Closed Successfully
2026-05-13 23:33:24 INFO  Base:20 - Browser Launched Successfully
2026-05-13 23:33:28 INFO  HomePage:77 - Chennai city selected.
2026-05-13 23:33:28 INFO  HomePage:81 - Scrolling down to extract popular models...
2026-05-13 23:33:33 INFO  Base:26 - Browser Closed Successfully
2026-05-13 23:36:53 INFO  Base:20 - Browser Launched Successfully
2026-05-13 23:36:54 INFO  EvPage:53 - More button clicked
2026-05-13 23:36:57 INFO  EvPage:57 - Electric Vehicle button clicked
2026-05-13 23:37:02 INFO  Base:26 - Browser Closed Successfully
2026-05-13 23:37:09 INFO  Base:20 - Browser Launched Successfully
2026-05-13 23:37:10 INFO  LoginPage:46 - Profile button clicked.
2026-05-13 23:37:11 INFO  LoginPage:50 - Google button clicked.
2026-05-13 23:37:12 INFO  LoginPage:58 - Switched to Google Login window: 
2026-05-13 23:37:13 INFO  GooglePage:48 - Email entered in Google login.
2026-05-13 23:37:13 INFO  GooglePage:52 - Next button clicked.
2026-05-13 23:37:15 INFO  GooglePage:60 - Google window closed.
2026-05-13 23:37:15 INFO  GooglePage:68 - Successfully switched back to the Main Page.
2026-05-13 23:37:20 INFO  Base:26 - Browser Closed Successfully
2026-05-13 23:37:28 INFO  Base:20 - Browser Launched Successfully
2026-05-13 23:37:28 INFO  HomePage:53 - Clicking the New Bike dropdown...
2026-05-13 23:37:28 INFO  HomePage:56 - Clicking Upcoming Bikes...
2026-05-13 23:37:31 INFO  HomePage:61 - Successfully reached Upcoming Bikes page.
2026-05-13 23:37:31 INFO  UpcomingPage:48 - Locating and scrolling to the filter...
2026-05-13 23:37:33 INFO  UpcomingPage:54 - Filter clicked successfully via JavaScript.
2026-05-13 23:37:33 INFO  UpcomingPage:66 - Applying price filter: Under 4 Lakhs...
2026-05-13 23:37:33 INFO  UpcomingPage:72 - Price filter applied successfully.
2026-05-13 23:37:33 INFO  UpcomingPage:81 - Extracting and printing bike details...
2026-05-13 23:37:40 INFO  Base:26 - Browser Closed Successfully
2026-05-13 23:37:48 INFO  Base:20 - Browser Launched Successfully
2026-05-13 23:37:48 INFO  EvPage:74 - Nav buttons listing
2026-05-13 23:37:48 INFO  EvPage:77 - btnstrue
2026-05-13 23:37:48 INFO  EvPage:80 - btnstrue
2026-05-13 23:37:48 INFO  EvPage:83 - Button is clickAble
2026-05-13 23:37:53 INFO  Base:26 - Browser Closed Successfully
2026-05-13 23:38:19 INFO  Base:20 - Browser Launched Successfully
2026-05-13 23:38:19 INFO  EvPage:92 - More button clicked
2026-05-13 23:38:24 INFO  EvPage:96 - Electric Vehicle button clicked
2026-05-13 23:38:26 INFO  EvPage:102 - Search button clicked & gave value as Ather 450X 
2026-05-13 23:38:33 INFO  Base:26 - Browser Closed Successfully
2026-05-13 23:38:41 INFO  Base:20 - Browser Launched Successfully
2026-05-13 23:38:41 INFO  EvPage:133 - More button clicked
2026-05-13 23:38:45 INFO  EvPage:137 - Electric Vehicle button clicked
2026-05-13 23:38:47 INFO  EvPage:144 - Search button clicked & gave value as Ather 450X 
2026-05-13 23:38:53 INFO  Base:26 - Browser Closed Successfully
2026-05-13 23:39:00 INFO  Base:20 - Browser Launched Successfully
2026-05-13 23:39:04 INFO  HomePage:77 - Chennai city selected.
2026-05-13 23:39:04 INFO  HomePage:81 - Scrolling down to extract popular models...
2026-05-13 23:39:10 INFO  Base:26 - Browser Closed Successfully
2026-05-13 23:49:35 INFO  Base:20 - Browser Launched Successfully
2026-05-13 23:49:36 INFO  EvPage:53 - More button clicked
2026-05-13 23:49:39 INFO  EvPage:57 - Electric Vehicle button clicked
2026-05-13 23:49:45 INFO  Base:26 - Browser Closed Successfully
2026-05-13 23:49:53 INFO  Base:20 - Browser Launched Successfully
2026-05-13 23:49:53 INFO  LoginPage:46 - Profile button clicked.
2026-05-13 23:49:54 INFO  LoginPage:50 - Google button clicked.
2026-05-13 23:49:56 INFO  LoginPage:58 - Switched to Google Login window: 
2026-05-13 23:49:56 INFO  GooglePage:48 - Email entered in Google login.
2026-05-13 23:49:57 INFO  GooglePage:52 - Next button clicked.
2026-05-13 23:49:58 INFO  GooglePage:60 - Google window closed.
2026-05-13 23:49:58 INFO  GooglePage:68 - Successfully switched back to the Main Page.
2026-05-13 23:50:03 INFO  Base:26 - Browser Closed Successfully
2026-05-13 23:50:30 INFO  Base:20 - Browser Launched Successfully
2026-05-13 23:50:30 INFO  HomePage:53 - Clicking the New Bike dropdown...
2026-05-13 23:50:30 INFO  HomePage:56 - Clicking Upcoming Bikes...
2026-05-13 23:50:32 INFO  HomePage:61 - Successfully reached Upcoming Bikes page.
2026-05-13 23:50:32 INFO  UpcomingPage:48 - Locating and scrolling to the filter...
2026-05-13 23:50:34 INFO  UpcomingPage:54 - Filter clicked successfully via JavaScript.
2026-05-13 23:50:34 INFO  UpcomingPage:66 - Applying price filter: Under 4 Lakhs...
2026-05-13 23:50:34 INFO  UpcomingPage:72 - Price filter applied successfully.
2026-05-13 23:50:34 INFO  UpcomingPage:81 - Extracting and printing bike details...
2026-05-13 23:50:43 INFO  Base:26 - Browser Closed Successfully
2026-05-13 23:50:49 INFO  Base:20 - Browser Launched Successfully
2026-05-13 23:50:49 INFO  EvPage:74 - Nav buttons listing
2026-05-13 23:50:49 INFO  EvPage:77 - btnstrue
2026-05-13 23:50:49 INFO  EvPage:80 - btnstrue
2026-05-13 23:50:49 INFO  EvPage:83 - Button is clickAble
2026-05-13 23:50:53 INFO  Base:26 - Browser Closed Successfully
2026-05-13 23:51:01 INFO  Base:20 - Browser Launched Successfully
2026-05-13 23:51:01 INFO  EvPage:92 - More button clicked
2026-05-13 23:51:03 INFO  EvPage:96 - Electric Vehicle button clicked
2026-05-13 23:51:03 INFO  EvPage:102 - Search button clicked & gave value as Ather 450X 
2026-05-13 23:51:08 INFO  Base:26 - Browser Closed Successfully
2026-05-13 23:51:16 INFO  Base:20 - Browser Launched Successfully
2026-05-13 23:51:16 INFO  EvPage:133 - More button clicked
2026-05-13 23:51:19 INFO  EvPage:137 - Electric Vehicle button clicked
2026-05-13 23:51:20 INFO  EvPage:144 - Search button clicked & gave value as Ather 450X 
2026-05-13 23:51:26 INFO  Base:26 - Browser Closed Successfully
2026-05-13 23:51:33 INFO  Base:20 - Browser Launched Successfully
2026-05-13 23:51:33 INFO  EvPage:133 - More button clicked
2026-05-13 23:51:36 INFO  EvPage:137 - Electric Vehicle button clicked
2026-05-13 23:51:37 INFO  EvPage:144 - Search button clicked & gave value as Ather 450X 
2026-05-13 23:51:43 INFO  Base:26 - Browser Closed Successfully
2026-05-13 23:51:49 INFO  Base:20 - Browser Launched Successfully
2026-05-13 23:51:52 INFO  HomePage:77 - Chennai city selected.
2026-05-13 23:51:52 INFO  HomePage:81 - Scrolling down to extract popular models...
2026-05-13 23:51:58 INFO  Base:26 - Browser Closed Successfully
2026-05-14 00:05:34 INFO  Base:20 - Browser Launched Successfully
2026-05-14 00:05:34 INFO  Base:20 - Browser Launched Successfully
2026-05-14 00:05:34 INFO  Base:20 - Browser Launched Successfully
2026-05-14 00:05:34 INFO  Base:20 - Browser Launched Successfully
2026-05-14 00:05:35 INFO  HomePage:53 - Clicking the New Bike dropdown...
2026-05-14 00:05:35 INFO  EvPage:75 - Nav buttons listing
2026-05-14 00:05:35 INFO  EvPage:78 - Enabled: true
2026-05-14 00:05:36 INFO  EvPage:56 - More button clicked
2026-05-14 00:05:36 INFO  EvPage:81 - Displayed: true
2026-05-14 00:05:43 INFO  EvPage:59 - Electric Vehicle button clicked
2026-05-14 00:05:43 ERROR HomePage:64 - Navigation to Upcoming Bikes failed: stale element reference: stale element not found
  (Session info: chrome=146.0.7680.178)
For documentation on this error, please visit: https://www.selenium.dev/documentation/webdriver/troubleshooting/errors#stale-element-reference-exception
Build info: version: '4.20.0', revision: '866c76ca80'
System info: os.name: 'Windows 11', os.arch: 'amd64', os.version: '10.0', java.version: '21'
Driver info: org.openqa.selenium.chrome.ChromeDriver
Command: [376cab0c64c98fe2b792ea049e747c64, clickElement {id=f.2A88DE1B33CBBCEBB87A89471A09B357.d.54B149A543314482BC473616DD8146B5.e.167}]
Capabilities {acceptInsecureCerts: false, browserName: chrome, browserVersion: 146.0.7680.178, chrome: {chromedriverVersion: 146.0.7680.165 (4b989da09e1..., userDataDir: C:\Users\2484179\AppData\Lo...}, fedcm:accounts: true, goog:chromeOptions: {debuggerAddress: localhost:59691}, goog:processID: 32000, networkConnectionEnabled: false, pageLoadStrategy: normal, platformName: windows, proxy: Proxy(), se:cdp: ws://localhost:59691/devtoo..., se:cdpVersion: 146.0.7680.178, setWindowRect: true, strictFileInteractability: false, timeouts: {implicit: 0, pageLoad: 300000, script: 30000}, unhandledPromptBehavior: dismiss and notify, webauthn:extension:credBlob: true, webauthn:extension:largeBlob: true, webauthn:extension:minPinLength: true, webauthn:extension:prf: true, webauthn:virtualAuthenticators: true}
Element: [[ChromeDriver: chrome on windows (376cab0c64c98fe2b792ea049e747c64)] -> xpath: //*[@id='headerNewVNavWrap']/nav/ul/li[3]/span]
Session ID: 376cab0c64c98fe2b792ea049e747c64
2026-05-14 00:05:43 ERROR LoginPage:64 - Failed to click Google button or switch window: stale element reference: stale element not found
  (Session info: chrome=146.0.7680.178)
For documentation on this error, please visit: https://www.selenium.dev/documentation/webdriver/troubleshooting/errors#stale-element-reference-exception
Build info: version: '4.20.0', revision: '866c76ca80'
System info: os.name: 'Windows 11', os.arch: 'amd64', os.version: '10.0', java.version: '21'
Driver info: org.openqa.selenium.chrome.ChromeDriver
Command: [376cab0c64c98fe2b792ea049e747c64, clickElement {id=f.2A88DE1B33CBBCEBB87A89471A09B357.d.54B149A543314482BC473616DD8146B5.e.26}]
Capabilities {acceptInsecureCerts: false, browserName: chrome, browserVersion: 146.0.7680.178, chrome: {chromedriverVersion: 146.0.7680.165 (4b989da09e1..., userDataDir: C:\Users\2484179\AppData\Lo...}, fedcm:accounts: true, goog:chromeOptions: {debuggerAddress: localhost:59691}, goog:processID: 32000, networkConnectionEnabled: false, pageLoadStrategy: normal, platformName: windows, proxy: Proxy(), se:cdp: ws://localhost:59691/devtoo..., se:cdpVersion: 146.0.7680.178, setWindowRect: true, strictFileInteractability: false, timeouts: {implicit: 0, pageLoad: 300000, script: 30000}, unhandledPromptBehavior: dismiss and notify, webauthn:extension:credBlob: true, webauthn:extension:largeBlob: true, webauthn:extension:minPinLength: true, webauthn:extension:prf: true, webauthn:virtualAuthenticators: true}
Element: [[ChromeDriver: chrome on windows (376cab0c64c98fe2b792ea049e747c64)] -> xpath: //*[@id='des_lIcon']]
Session ID: 376cab0c64c98fe2b792ea049e747c64
2026-05-14 00:06:37 INFO  Base:20 - Browser Launched Successfully
2026-05-14 00:06:37 INFO  Base:20 - Browser Launched Successfully
2026-05-14 00:06:37 INFO  Base:20 - Browser Launched Successfully
2026-05-14 00:06:38 INFO  Base:20 - Browser Launched Successfully
2026-05-14 00:06:38 INFO  EvPage:75 - Nav buttons listing
2026-05-14 00:06:38 INFO  EvPage:78 - Enabled: true
2026-05-14 00:06:39 INFO  EvPage:81 - Displayed: true
2026-05-14 00:06:39 INFO  HomePage:53 - Clicking the New Bike dropdown...
2026-05-14 00:06:39 INFO  EvPage:84 - Button is clickable
2026-05-14 00:06:53 ERROR LoginPage:64 - Failed to click Google button or switch window: Error communicating with the remote browser. It may have died.
Build info: version: '4.20.0', revision: '866c76ca80'
System info: os.name: 'Windows 11', os.arch: 'amd64', os.version: '10.0', java.version: '21'
Driver info: org.openqa.selenium.chrome.ChromeDriver
Command: [abc0e1292e7f55349b7983d5110791a7, isElementDisplayed [id]]
Capabilities {acceptInsecureCerts: false, browserName: chrome, browserVersion: 146.0.7680.178, chrome: {chromedriverVersion: 146.0.7680.165 (4b989da09e1..., userDataDir: C:\Users\2484179\AppData\Lo...}, fedcm:accounts: true, goog:chromeOptions: {debuggerAddress: localhost:60288}, goog:processID: 27116, networkConnectionEnabled: false, pageLoadStrategy: normal, platformName: windows, proxy: Proxy(), se:cdp: ws://localhost:60288/devtoo..., se:cdpVersion: 146.0.7680.178, setWindowRect: true, strictFileInteractability: false, timeouts: {implicit: 0, pageLoad: 300000, script: 30000}, unhandledPromptBehavior: dismiss and notify, webauthn:extension:credBlob: true, webauthn:extension:largeBlob: true, webauthn:extension:minPinLength: true, webauthn:extension:prf: true, webauthn:virtualAuthenticators: true}
Element: [[ChromeDriver: chrome on windows (abc0e1292e7f55349b7983d5110791a7)] -> xpath: //*[@id='des_lIcon']]
Session ID: abc0e1292e7f55349b7983d5110791a7
2026-05-14 00:06:53 ERROR HomePage:64 - Navigation to Upcoming Bikes failed: Error communicating with the remote browser. It may have died.
Build info: version: '4.20.0', revision: '866c76ca80'
System info: os.name: 'Windows 11', os.arch: 'amd64', os.version: '10.0', java.version: '21'
Driver info: org.openqa.selenium.chrome.ChromeDriver
Command: [abc0e1292e7f55349b7983d5110791a7, isElementDisplayed [id]]
Capabilities {acceptInsecureCerts: false, browserName: chrome, browserVersion: 146.0.7680.178, chrome: {chromedriverVersion: 146.0.7680.165 (4b989da09e1..., userDataDir: C:\Users\2484179\AppData\Lo...}, fedcm:accounts: true, goog:chromeOptions: {debuggerAddress: localhost:60288}, goog:processID: 27116, networkConnectionEnabled: false, pageLoadStrategy: normal, platformName: windows, proxy: Proxy(), se:cdp: ws://localhost:60288/devtoo..., se:cdpVersion: 146.0.7680.178, setWindowRect: true, strictFileInteractability: false, timeouts: {implicit: 0, pageLoad: 300000, script: 30000}, unhandledPromptBehavior: dismiss and notify, webauthn:extension:credBlob: true, webauthn:extension:largeBlob: true, webauthn:extension:minPinLength: true, webauthn:extension:prf: true, webauthn:virtualAuthenticators: true}
Element: [[ChromeDriver: chrome on windows (abc0e1292e7f55349b7983d5110791a7)] -> xpath: //*[@id='headerNewVNavWrap']/nav/ul/li[3]/span]
Session ID: abc0e1292e7f55349b7983d5110791a7
2026-05-14 00:06:54 INFO  Base:26 - Browser Closed Successfully
2026-05-14 08:43:17 INFO  Base:20 - Browser Launched Successfully
2026-05-14 08:43:18 INFO  EvPage:56 - More button clicked
2026-05-14 08:43:22 INFO  EvPage:59 - Electric Vehicle button clicked
2026-05-14 08:43:28 INFO  Base:26 - Browser Closed Successfully
2026-05-14 08:43:33 INFO  Base:20 - Browser Launched Successfully
2026-05-14 08:43:34 INFO  LoginPage:46 - Profile button clicked.
2026-05-14 08:43:34 INFO  LoginPage:50 - Google button clicked.
2026-05-14 08:43:34 WARN  LoginPage:60 - New window not found!
2026-05-14 08:43:45 ERROR GooglePage:72 - Error during Google Login handling: Expected condition failed: waiting for visibility of Proxy element for: DefaultElementLocator 'By.xpath: //input[@id='identifierId']' (tried for 10 second(s) with 500 milliseconds interval)
2026-05-14 08:43:49 INFO  Base:26 - Browser Closed Successfully
2026-05-14 08:44:57 INFO  Base:20 - Browser Launched Successfully
2026-05-14 08:44:59 INFO  EvPage:56 - More button clicked
2026-05-14 08:45:03 INFO  EvPage:59 - Electric Vehicle button clicked
2026-05-14 08:45:16 INFO  Base:26 - Browser Closed Successfully
2026-05-14 08:45:26 INFO  Base:20 - Browser Launched Successfully
2026-05-14 08:45:27 INFO  LoginPage:46 - Profile button clicked.
2026-05-14 08:45:27 INFO  LoginPage:50 - Google button clicked.
2026-05-14 08:45:31 INFO  LoginPage:58 - Switched to Google Login window: 
2026-05-14 08:45:32 INFO  GooglePage:48 - Email entered in Google login.
2026-05-14 08:45:32 INFO  GooglePage:52 - Next button clicked.
2026-05-14 08:45:34 INFO  GooglePage:60 - Google window closed.
2026-05-14 08:45:34 INFO  GooglePage:68 - Successfully switched back to the Main Page.
2026-05-14 08:45:42 INFO  Base:26 - Browser Closed Successfully
2026-05-14 08:45:55 INFO  Base:20 - Browser Launched Successfully
2026-05-14 08:45:55 INFO  HomePage:53 - Clicking the New Bike dropdown...
2026-05-14 08:45:56 INFO  HomePage:56 - Clicking Upcoming Bikes...
2026-05-14 08:45:58 INFO  HomePage:61 - Successfully reached Upcoming Bikes page.
2026-05-14 08:45:58 INFO  UpcomingPage:48 - Locating and scrolling to the filter...
2026-05-14 08:46:01 INFO  UpcomingPage:54 - Filter clicked successfully via JavaScript.
2026-05-14 08:46:01 INFO  UpcomingPage:66 - Applying price filter: Under 4 Lakhs...
2026-05-14 08:46:01 INFO  UpcomingPage:72 - Price filter applied successfully.
2026-05-14 08:46:01 INFO  UpcomingPage:81 - Extracting and printing bike details...
2026-05-14 08:46:13 INFO  Base:26 - Browser Closed Successfully
2026-05-14 08:46:23 INFO  Base:20 - Browser Launched Successfully
2026-05-14 08:46:23 INFO  EvPage:75 - Nav buttons listing
2026-05-14 08:46:24 INFO  EvPage:78 - Enabled: true
2026-05-14 08:46:24 INFO  EvPage:81 - Displayed: true
2026-05-14 08:46:24 INFO  EvPage:84 - Button is clickable
2026-05-14 08:46:29 INFO  Base:26 - Browser Closed Successfully
2026-05-14 08:46:39 INFO  Base:20 - Browser Launched Successfully
2026-05-14 08:46:40 INFO  EvPage:91 - More button clicked
2026-05-14 08:46:44 INFO  EvPage:94 - Electric Vehicle button clicked
2026-05-14 08:46:45 INFO  EvPage:97 - Search button clicked & gave value as Ather 450X
2026-05-14 08:46:54 INFO  Base:26 - Browser Closed Successfully
2026-05-14 08:47:04 INFO  Base:20 - Browser Launched Successfully
2026-05-14 08:47:05 INFO  EvPage:121 - More button clicked
2026-05-14 08:47:08 INFO  EvPage:124 - Electric Vehicle button clicked
2026-05-14 08:47:10 INFO  EvPage:127 - Search button clicked & gave value as ScootyPep
2026-05-14 08:47:18 INFO  Base:26 - Browser Closed Successfully
2026-05-14 08:47:29 INFO  Base:20 - Browser Launched Successfully
2026-05-14 08:47:29 INFO  EvPage:121 - More button clicked
2026-05-14 08:47:33 INFO  EvPage:124 - Electric Vehicle button clicked
2026-05-14 08:47:35 INFO  EvPage:127 - Search button clicked & gave value as ScootyPep
2026-05-14 08:47:43 INFO  Base:26 - Browser Closed Successfully
2026-05-14 08:47:54 INFO  Base:20 - Browser Launched Successfully
2026-05-14 08:47:59 INFO  HomePage:77 - Chennai city selected.
2026-05-14 08:47:59 INFO  HomePage:81 - Scrolling down to extract popular models...
2026-05-14 08:48:07 INFO  Base:26 - Browser Closed Successfully
2026-05-14 08:57:03 INFO  Base:20 - Browser Launched Successfully
2026-05-14 08:57:05 INFO  EvPage:56 - More button clicked
2026-05-14 08:57:10 INFO  EvPage:59 - Electric Vehicle button clicked
2026-05-14 08:57:18 INFO  Base:26 - Browser Closed Successfully
2026-05-14 08:57:28 INFO  Base:20 - Browser Launched Successfully
2026-05-14 08:57:29 INFO  LoginPage:46 - Profile button clicked.
2026-05-14 08:57:30 INFO  LoginPage:50 - Google button clicked.
2026-05-14 08:57:33 INFO  LoginPage:58 - Switched to Google Login window: 
2026-05-14 08:57:34 INFO  GooglePage:48 - Email entered in Google login.
2026-05-14 08:57:34 INFO  GooglePage:52 - Next button clicked.
2026-05-14 08:57:36 INFO  GooglePage:60 - Google window closed.
2026-05-14 08:57:36 INFO  GooglePage:68 - Successfully switched back to the Main Page.
2026-05-14 08:57:42 INFO  Base:26 - Browser Closed Successfully
2026-05-14 08:57:52 INFO  Base:20 - Browser Launched Successfully
2026-05-14 08:57:52 INFO  HomePage:53 - Clicking the New Bike dropdown...
2026-05-14 08:57:53 INFO  HomePage:56 - Clicking Upcoming Bikes...
2026-05-14 08:57:56 INFO  HomePage:61 - Successfully reached Upcoming Bikes page.
2026-05-14 08:57:56 INFO  UpcomingPage:48 - Locating and scrolling to the filter...
2026-05-14 08:57:58 INFO  UpcomingPage:54 - Filter clicked successfully via JavaScript.
2026-05-14 08:57:58 INFO  UpcomingPage:66 - Applying price filter: Under 4 Lakhs...
2026-05-14 08:57:58 INFO  UpcomingPage:72 - Price filter applied successfully.
2026-05-14 08:57:58 INFO  UpcomingPage:81 - Extracting and printing bike details...
2026-05-14 08:58:10 INFO  Base:26 - Browser Closed Successfully
2026-05-14 08:58:20 INFO  Base:20 - Browser Launched Successfully
2026-05-14 08:58:20 INFO  EvPage:75 - Nav buttons listing
2026-05-14 08:58:20 INFO  EvPage:78 - Enabled: true
2026-05-14 08:58:20 INFO  EvPage:81 - Displayed: true
2026-05-14 08:58:21 INFO  EvPage:84 - Button is clickable
2026-05-14 08:58:26 INFO  Base:26 - Browser Closed Successfully
2026-05-14 08:58:37 INFO  Base:20 - Browser Launched Successfully
2026-05-14 08:58:37 INFO  EvPage:91 - More button clicked
2026-05-14 08:58:41 INFO  EvPage:94 - Electric Vehicle button clicked
2026-05-14 08:58:43 INFO  EvPage:97 - Search button clicked & gave value as Ather 450X
2026-05-14 08:58:51 INFO  Base:26 - Browser Closed Successfully
2026-05-14 08:59:01 INFO  Base:20 - Browser Launched Successfully
2026-05-14 08:59:01 INFO  EvPage:121 - More button clicked
2026-05-14 08:59:07 INFO  EvPage:124 - Electric Vehicle button clicked
2026-05-14 08:59:09 INFO  EvPage:127 - Search button clicked & gave value as ScootyPep
2026-05-14 08:59:16 INFO  Base:26 - Browser Closed Successfully
2026-05-14 08:59:27 INFO  Base:20 - Browser Launched Successfully
2026-05-14 08:59:28 INFO  EvPage:121 - More button clicked
2026-05-14 08:59:32 INFO  EvPage:124 - Electric Vehicle button clicked
2026-05-14 08:59:34 INFO  EvPage:127 - Search button clicked & gave value as ScootyPep
2026-05-14 08:59:41 INFO  Base:26 - Browser Closed Successfully
2026-05-14 08:59:51 INFO  Base:20 - Browser Launched Successfully
2026-05-14 08:59:55 INFO  HomePage:77 - Chennai city selected.
2026-05-14 08:59:55 INFO  HomePage:81 - Scrolling down to extract popular models...
2026-05-14 09:00:01 INFO  Base:26 - Browser Closed Successfully
